// Jest Snapshot v1, https://goo.gl/fbAQLP

exports[`<Wrapper /> matches snapshot for default criteria 1`] = `
<StyledComponent
  forwardedClass={
    Object {
      "$$typeof": Symbol(react.forward_ref),
      "attrs": undefined,
      "componentStyle": ComponentStyle {
        "componentId": "Wrapper-snmkqo-0",
        "isStatic": true,
        "rules": Array [
          "display:flex;flex-direction:row;justify-content:center;align-items:center;margin:1em 0;",
        ],
      },
      "displayName": "Wrapper",
      "render": [Function],
      "styledComponentId": "Wrapper-snmkqo-0",
      "target": "div",
      "warnTooManyClasses": [Function],
      "withComponent": [Function],
    }
  }
  forwardedRef={null}
/>
`;
