// Jest Snapshot v1, https://goo.gl/fbAQLP

exports[`<PhrasesWrapper /> matches snapshot for default criteria 1`] = `
<StyledComponent
  forwardedClass={
    Object {
      "$$typeof": Symbol(react.forward_ref),
      "attrs": undefined,
      "componentStyle": ComponentStyle {
        "componentId": "PhrasesWrapper__PhraseWrapper-sc-5kuq2w-0",
        "isStatic": true,
        "rules": Array [
          "display:flex;flex-direction:column;align-items:flex-start;width:80%;",
        ],
      },
      "displayName": "PhrasesWrapper__PhraseWrapper",
      "render": [Function],
      "styledComponentId": "PhrasesWrapper__PhraseWrapper-sc-5kuq2w-0",
      "target": "div",
      "warnTooManyClasses": [Function],
      "withComponent": [Function],
    }
  }
  forwardedRef={null}
/>
`;
