// Jest Snapshot v1, https://goo.gl/fbAQLP

exports[`getPhrases Worker Saga should call the phrasesLoadingError action if api response errors 1`] = `
Object {
  "@@redux-saga/IO": true,
  "CALL": Object {
    "args": Array [
      Object {
        "method": "get",
        "timeout": 10000,
        "url": "http://localhost:5000/phrases",
      },
    ],
    "context": null,
    "fn": [Function],
  },
}
`;

exports[`getPhrases Worker Saga should dispatch phrasesLoaded if api response succeeds 1`] = `
Object {
  "@@redux-saga/IO": true,
  "CALL": Object {
    "args": Array [
      Object {
        "method": "get",
        "timeout": 10000,
        "url": "http://localhost:5000/phrases",
      },
    ],
    "context": null,
    "fn": [Function],
  },
}
`;
